\BOOKMARK [1][-]{section.1}{\376\377\000I\000n\000t\000r\000o\000d\000u\000\347\000\343\000o}{}% 1
\BOOKMARK [2][-]{subsection.1.1}{\376\377\000C\000o\000n\000t\000e\000x\000t\000o}{section.1}% 2
\BOOKMARK [2][-]{subsection.1.2}{\376\377\000O\000b\000j\000e\000t\000i\000v\000o\000s}{section.1}% 3
\BOOKMARK [2][-]{subsection.1.3}{\376\377\000D\000a\000t\000a\000s\000e\000t\000\040\000e\000\040\000P\000r\000\351\000-\000p\000r\000o\000c\000e\000s\000s\000a\000m\000e\000n\000t\000o}{section.1}% 4
\BOOKMARK [1][-]{section.2}{\376\377\000R\000e\000d\000e\000s\000\040\000B\000a\000y\000e\000s\000i\000a\000n\000a\000s}{}% 5
\BOOKMARK [2][-]{subsection.2.1}{\376\377\000C\000o\000n\000s\000t\000r\000u\000\347\000\343\000o\000\040\000d\000a\000\040\000E\000s\000t\000r\000u\000t\000u\000r\000a}{section.2}% 6
\BOOKMARK [3][-]{subsubsection.2.1.1}{\376\377\000C\000o\000n\000f\000i\000g\000u\000r\000a\000\347\000\343\000o\000\040\000d\000o\000\040\000A\000m\000b\000i\000e\000n\000t\000e\000\040\000e\000\040\000P\000r\000e\000p\000a\000r\000a\000\347\000\343\000o\000\040\000d\000e\000\040\000D\000a\000d\000o\000s}{subsection.2.1}% 7
\BOOKMARK [3][-]{subsubsection.2.1.2}{\376\377\000A\000b\000o\000r\000d\000a\000g\000e\000m\000\040\000B\000a\000s\000e\000a\000d\000a\000\040\000e\000m\000\040\000E\000n\000g\000e\000n\000h\000a\000r\000i\000a\000\040\000d\000e\000\040\000C\000o\000n\000h\000e\000c\000i\000m\000e\000n\000t\000o}{subsection.2.1}% 8
\BOOKMARK [2][-]{subsection.2.2}{\376\377\000A\000p\000r\000e\000n\000d\000i\000z\000a\000g\000e\000m\000\040\000A\000u\000t\000o\000m\000\341\000t\000i\000c\000a\000\040\000d\000e\000\040\000E\000s\000t\000r\000u\000t\000u\000r\000a}{section.2}% 9
\BOOKMARK [3][-]{subsubsection.2.2.1}{\376\377\000A\000l\000g\000o\000r\000i\000t\000m\000o\000\040\000H\000i\000l\000l\000\040\000C\000l\000i\000m\000b\000\040\000S\000e\000a\000r\000c\000h\000\040\000e\000\040\000M\000\351\000t\000r\000i\000c\000a\000\040\000B\000I\000C}{subsection.2.2}% 10
\BOOKMARK [3][-]{subsubsection.2.2.2}{\376\377\000A\000n\000\341\000l\000i\000s\000e\000\040\000d\000a\000\040\000E\000s\000t\000r\000u\000t\000u\000r\000a\000\040\000A\000p\000r\000e\000n\000d\000i\000d\000a}{subsection.2.2}% 11
\BOOKMARK [3][-]{subsubsection.2.2.3}{\376\377\000A\000n\000\341\000l\000i\000s\000e\000\040\000d\000a\000\040\000E\000s\000t\000r\000u\000t\000u\000r\000a\000\040\000A\000p\000r\000e\000n\000d\000i\000d\000a\000\040\000e\000\040\000C\000o\000m\000p\000a\000r\000a\000\347\000\343\000o\000\040\000c\000o\000m\000\040\000o\000\040\000M\000o\000d\000e\000l\000o\000\040\000M\000a\000n\000u\000a\000l}{subsection.2.2}% 12
\BOOKMARK [2][-]{subsection.2.3}{\376\377\000A\000n\000\341\000l\000i\000s\000e\000\040\000d\000e\000\040\000I\000n\000d\000e\000p\000e\000n\000d\000\352\000n\000c\000i\000a\000s\000\040\000C\000o\000n\000d\000i\000c\000i\000o\000n\000a\000i\000s\000\040\000\050\000D\000-\000S\000e\000p\000a\000r\000a\000\347\000\343\000o\000\051}{section.2}% 13
\BOOKMARK [3][-]{subsubsection.2.3.1}{\376\377\000I\000n\000d\000e\000p\000e\000n\000d\000\352\000n\000c\000i\000a\000s\000\040\000L\000o\000c\000a\000i\000s\000\040\000e\000\040\000G\000l\000o\000b\000a\000i\000s}{subsection.2.3}% 14
\BOOKMARK [3][-]{subsubsection.2.3.2}{\376\377\000T\000e\000s\000t\000e\000s\000\040\000P\000r\000\341\000t\000i\000c\000o\000s\000\040\000d\000e\000\040\000D\000-\000S\000e\000p\000a\000r\000a\000\347\000\343\000o}{subsection.2.3}% 15
\BOOKMARK [2][-]{subsection.2.4}{\376\377\000A\000p\000r\000e\000n\000d\000i\000z\000a\000g\000e\000m\000\040\000d\000e\000\040\000P\000a\000r\000\342\000m\000e\000t\000r\000o\000s\000:\000\040\000M\000L\000E\000\040\000v\000s\000.\000\040\000E\000s\000t\000i\000m\000a\000\347\000\343\000o\000\040\000B\000a\000y\000e\000s\000i\000a\000n\000a}{section.2}% 16
\BOOKMARK [3][-]{subsubsection.2.4.1}{\376\377\000C\000o\000m\000p\000a\000r\000a\000\347\000\343\000o\000\040\000M\000e\000t\000o\000d\000o\000l\000\363\000g\000i\000c\000a}{subsection.2.4}% 17
\BOOKMARK [3][-]{subsubsection.2.4.2}{\376\377\000A\000n\000\341\000l\000i\000s\000e\000\040\000d\000a\000s\000\040\000C\000P\000T\000s\000\040\000e\000\040\000I\000n\000f\000l\000u\000\352\000n\000c\000i\000a\000\040\000d\000o\000s\000\040\000D\000a\000d\000o\000s}{subsection.2.4}% 18
\BOOKMARK [2][-]{subsection.2.5}{\376\377\000R\000e\000a\000l\000i\000z\000a\000\347\000\343\000o\000\040\000d\000e\000\040\000I\000n\000f\000e\000r\000\352\000n\000c\000i\000a\000s\000\040\000P\000r\000o\000b\000a\000b\000i\000l\000\355\000s\000t\000i\000c\000a\000s}{section.2}% 19
\BOOKMARK [3][-]{subsubsection.2.5.1}{\376\377\000C\000e\000n\000\341\000r\000i\000o\000s\000\040\000d\000e\000\040\000P\000r\000e\000v\000i\000s\000\343\000o\000\040\000e\000\040\000D\000i\000a\000g\000n\000\363\000s\000t\000i\000c\000o}{subsection.2.5}% 20
\BOOKMARK [3][-]{subsubsection.2.5.2}{\376\377\000I\000n\000t\000e\000r\000-\000c\000a\000u\000s\000a\000l\000i\000d\000a\000d\000e\000\040\000e\000\040\000C\000o\000n\000f\000l\000i\000t\000o\000\040\000d\000e\000\040\000I\000n\000d\000i\000c\000a\000d\000o\000r\000e\000s}{subsection.2.5}% 21
\BOOKMARK [1][-]{section.3}{\376\377\000C\000l\000a\000s\000s\000i\000f\000i\000c\000a\000\347\000\343\000o\000\040\000P\000r\000o\000b\000a\000b\000i\000l\000\355\000s\000t\000i\000c\000a\000\040\000e\000\040\000I\000n\000c\000e\000r\000t\000e\000z\000a}{}% 22
\BOOKMARK [2][-]{subsection.3.1}{\376\377\000P\000r\000e\000p\000a\000r\000a\000\347\000\343\000o\000\040\000e\000\040\000P\000r\000\351\000-\000p\000r\000o\000c\000e\000s\000s\000a\000m\000e\000n\000t\000o\000\040\000d\000e\000\040\000D\000a\000d\000o\000s}{section.3}% 23
\BOOKMARK [3][-]{subsubsection.3.1.1}{\376\377\000L\000i\000m\000p\000e\000z\000a\000\040\000e\000\040\000S\000e\000l\000e\000\347\000\343\000o\000\040\000d\000e\000\040\000A\000t\000r\000i\000b\000u\000t\000o\000s}{subsection.3.1}% 24
\BOOKMARK [3][-]{subsubsection.3.1.2}{\376\377\000D\000i\000v\000i\000s\000\343\000o\000\040\000d\000o\000\040\000D\000a\000t\000a\000s\000e\000t\000\040\000\050\000T\000r\000a\000i\000n\000-\000C\000a\000l\000i\000b\000r\000a\000t\000i\000o\000n\000-\000T\000e\000s\000t\000\051}{subsection.3.1}% 25
\BOOKMARK [3][-]{subsubsection.3.1.3}{\376\377\000N\000o\000r\000m\000a\000l\000i\000z\000a\000\347\000\343\000o\000\040\000e\000\040\000E\000s\000c\000a\000l\000o\000n\000a\000m\000e\000n\000t\000o}{subsection.3.1}% 26
\BOOKMARK [2][-]{subsection.3.2}{\376\377\000T\000r\000e\000i\000n\000o\000\040\000e\000\040\000A\000v\000a\000l\000i\000a\000\347\000\343\000o\000\040\000d\000e\000\040\000C\000l\000a\000s\000s\000i\000f\000i\000c\000a\000d\000o\000r\000e\000s}{section.3}% 27
\BOOKMARK [2][-]{subsection.3.3}{\376\377\000Q\000u\000a\000n\000t\000i\000f\000i\000c\000a\000\347\000\343\000o\000\040\000d\000e\000\040\000I\000n\000c\000e\000r\000t\000e\000z\000a\000\040\000v\000i\000a\000\040\000C\000o\000n\000f\000o\000r\000m\000a\000l\000\040\000P\000r\000e\000d\000i\000c\000t\000i\000o\000n}{section.3}% 28
\BOOKMARK [3][-]{subsubsection.3.3.1}{\376\377\000M\000e\000t\000o\000d\000o\000l\000o\000g\000i\000a\000\040\000e\000\040\000C\000a\000l\000i\000b\000r\000a\000\347\000\343\000o}{subsection.3.3}% 29
\BOOKMARK [3][-]{subsubsection.3.3.2}{\376\377\000A\000n\000\341\000l\000i\000s\000e\000\040\000d\000e\000\040\000R\000e\000s\000u\000l\000t\000a\000d\000o\000s\000\040\000e\000\040\000C\000o\000b\000e\000r\000t\000u\000r\000a}{subsection.3.3}% 30
\BOOKMARK [2][-]{subsection.3.4}{\376\377\000A\000v\000a\000l\000i\000a\000\347\000\343\000o\000\040\000d\000e\000\040\000C\000a\000l\000i\000b\000r\000a\000\347\000\343\000o\000:\000\040\000R\000e\000l\000i\000a\000b\000i\000l\000i\000t\000y\000\040\000D\000i\000a\000g\000r\000a\000m\000s\000\040\000e\000\040\000M\000\351\000t\000r\000i\000c\000a\000s\000\040\000d\000e\000\040\000E\000r\000r\000o}{section.3}% 31
\BOOKMARK [3][-]{subsubsection.3.4.1}{\376\377\000A\000n\000\341\000l\000i\000s\000e\000\040\000d\000a\000s\000\040\000M\000\351\000t\000r\000i\000c\000a\000s\000:\000\040\000B\000r\000i\000e\000r\000\040\000S\000c\000o\000r\000e\000\040\000e\000\040\000L\000o\000g\000\040\000L\000o\000s\000s}{subsection.3.4}% 32
\BOOKMARK [3][-]{subsubsection.3.4.2}{\376\377\000R\000e\000l\000i\000a\000b\000i\000l\000i\000t\000y\000\040\000D\000i\000a\000g\000r\000a\000m\000s\000\040\000p\000o\000r\000\040\000C\000l\000a\000s\000s\000e\000\040\000\050\000A\000,\000\040\000D\000,\000\040\000H\000\051}{subsection.3.4}% 33
\BOOKMARK [3][-]{subsubsection.3.4.3}{\376\377\000A\000n\000\341\000l\000i\000s\000e\000\040\000d\000o\000\040\000I\000m\000p\000a\000c\000t\000o\000\040\000d\000o\000s\000\040\000M\000\351\000t\000o\000d\000o\000s\000\040\000d\000e\000\040\000C\000a\000l\000i\000b\000r\000a\000\347\000\343\000o}{subsection.3.4}% 34
\BOOKMARK [3][-]{subsubsection.3.4.4}{\376\377\000J\000u\000s\000t\000i\000f\000i\000c\000a\000\347\000\343\000o\000\040\000d\000a\000\040\000E\000s\000c\000o\000l\000h\000a}{subsection.3.4}% 35
\BOOKMARK [3][-]{subsubsection.3.4.5}{\376\377\000R\000a\000n\000k\000i\000n\000g\000\040\000F\000i\000n\000a\000l\000\040\000d\000e\000\040\000D\000e\000s\000e\000m\000p\000e\000n\000h\000o}{subsection.3.4}% 36
\BOOKMARK [2][-]{subsection.3.5}{\376\377\000O\000t\000i\000m\000i\000z\000a\000\347\000\343\000o\000\040\000d\000e\000\040\000H\000i\000p\000e\000r\000p\000a\000r\000\342\000m\000e\000t\000r\000o\000s\000\040\000v\000i\000a\000\040\000B\000a\000y\000e\000s\000i\000a\000n\000\040\000O\000p\000t\000i\000m\000i\000z\000a\000t\000i\000o\000n}{section.3}% 37
\BOOKMARK [3][-]{subsubsection.3.5.1}{\376\377\000E\000s\000p\000a\000\347\000o\000\040\000d\000e\000\040\000P\000r\000o\000c\000u\000r\000a\000\040\000e\000\040\000R\000e\000g\000u\000l\000a\000r\000i\000z\000a\000\347\000\343\000o\000\040\000E\000l\000a\000s\000t\000i\000c\000\040\000N\000e\000t}{subsection.3.5}% 38
\BOOKMARK [3][-]{subsubsection.3.5.2}{\376\377\000R\000e\000s\000u\000l\000t\000a\000d\000o\000s\000\040\000d\000a\000\040\000O\000t\000i\000m\000i\000z\000a\000\347\000\343\000o}{subsection.3.5}% 39
\BOOKMARK [3][-]{subsubsection.3.5.3}{\376\377\000I\000m\000p\000a\000c\000t\000o\000\040\000n\000o\000\040\000D\000e\000s\000e\000m\000p\000e\000n\000h\000o\000\040\000F\000i\000n\000a\000l\000\040\000e\000\040\000C\000a\000l\000i\000b\000r\000a\000\347\000\343\000o}{subsection.3.5}% 40
\BOOKMARK [1][-]{section.4}{\376\377\000T\000e\000o\000r\000i\000a\000\040\000d\000e\000\040\000U\000t\000i\000l\000i\000d\000a\000d\000e\000\040\000e\000\040\000T\000o\000m\000a\000d\000a\000\040\000d\000e\000\040\000D\000e\000c\000i\000s\000\343\000o}{}% 41
\BOOKMARK [2][-]{subsection.4.1}{\376\377\000A\000v\000a\000l\000i\000a\000\347\000\343\000o\000\040\000d\000e\000\040\000U\000t\000i\000l\000i\000d\000a\000d\000e\000:\000\040\000O\000\040\000P\000r\000i\000n\000c\000\355\000p\000i\000o\000\040\000d\000a\000\040\000M\000\341\000x\000i\000m\000a\000\040\000U\000t\000i\000l\000i\000d\000a\000d\000e\000\040\000E\000s\000p\000e\000r\000a\000d\000a}{section.4}% 42
\BOOKMARK [3][-]{subsubsection.4.1.1}{\376\377\000C\000\341\000l\000c\000u\000l\000o\000\040\000d\000o\000\040\000V\000a\000l\000o\000r\000\040\000E\000s\000p\000e\000r\000a\000d\000o\000\040\000\050\000E\000V\000\051}{subsection.4.1}% 43
\BOOKMARK [3][-]{subsubsection.4.1.2}{\376\377\000A\000n\000\341\000l\000i\000s\000e\000\040\000C\000o\000m\000p\000a\000r\000a\000t\000i\000v\000a\000\040\000d\000e\000\040\000C\000a\000l\000i\000b\000r\000a\000\347\000\343\000o\000\040\000e\000\040\000L\000u\000c\000r\000a\000t\000i\000v\000i\000d\000a\000d\000e}{subsection.4.1}% 44
\BOOKMARK [2][-]{subsection.4.2}{\376\377\000D\000e\000m\000o\000n\000s\000t\000r\000a\000\347\000\343\000o\000\040\000d\000e\000\040\000C\000e\000n\000\341\000r\000i\000o\000s\000\040\000d\000e\000\040\000D\000e\000c\000i\000s\000\343\000o}{section.4}% 45
\BOOKMARK [2][-]{subsection.4.3}{\376\377\000E\000s\000t\000r\000a\000t\000\351\000g\000i\000a\000\040\000d\000e\000\040\000R\000e\000j\000e\000i\000\347\000\343\000o\000\040\000\050\000R\000e\000j\000e\000c\000t\000\040\000O\000p\000t\000i\000o\000n\000\051\000\040\000e\000\040\000G\000e\000s\000t\000\343\000o\000\040\000d\000e\000\040\000I\000n\000c\000e\000r\000t\000e\000z\000a}{section.4}% 46
\BOOKMARK [3][-]{subsubsection.4.3.1}{\376\377\000A\000n\000\341\000l\000i\000s\000e\000\040\000d\000o\000\040\000T\000r\000a\000d\000e\000-\000o\000f\000f\000:\000\040\000C\000o\000b\000e\000r\000t\000u\000r\000a\000\040\000v\000s\000.\000\040\000E\000x\000a\000t\000i\000d\000\343\000o\000\040\000S\000e\000l\000e\000t\000i\000v\000a}{subsection.4.3}% 47
\BOOKMARK [3][-]{subsubsection.4.3.2}{\376\377\000I\000n\000t\000e\000r\000p\000r\000e\000t\000a\000\347\000\343\000o\000\040\000V\000i\000s\000u\000a\000l\000\040\000d\000a\000\040\000C\000o\000n\000f\000i\000a\000n\000\347\000a}{subsection.4.3}% 48
\BOOKMARK [3][-]{subsubsection.4.3.3}{\376\377\000C\000o\000n\000c\000l\000u\000s\000\343\000o\000\040\000d\000a\000\040\000E\000s\000t\000r\000a\000t\000\351\000g\000i\000a}{subsection.4.3}% 49
\BOOKMARK [3][-]{subsubsection.4.3.4}{\376\377\000E\000s\000t\000r\000a\000t\000\351\000g\000i\000a\000\040\000d\000e\000\040\000D\000e\000f\000e\000r\000r\000a\000l}{subsection.4.3}% 50
\BOOKMARK [1][-]{section.5}{\376\377\000A\000n\000\341\000l\000i\000s\000e\000\040\000C\000r\000\355\000t\000i\000c\000a\000\040\000e\000\040\000C\000o\000n\000c\000l\000u\000s\000\343\000o}{}% 51
\BOOKMARK [2][-]{subsection.5.1}{\376\377\000D\000i\000s\000c\000u\000s\000s\000\343\000o\000\040\000d\000e\000\040\000R\000e\000s\000u\000l\000t\000a\000d\000o\000s\000:\000\040\000R\000e\000d\000e\000s\000\040\000B\000a\000y\000e\000s\000i\000a\000n\000a\000s\000\040\000v\000s\000.\000\040\000C\000l\000a\000s\000s\000i\000f\000i\000c\000a\000d\000o\000r\000e\000s}{section.5}% 52
\BOOKMARK [2][-]{subsection.5.2}{\376\377\000L\000i\000m\000i\000t\000a\000\347\000\365\000e\000s\000\040\000d\000o\000\040\000M\000o\000d\000e\000l\000o}{section.5}% 53
\BOOKMARK [2][-]{subsection.5.3}{\376\377\000C\000o\000n\000c\000l\000u\000s\000\343\000o}{section.5}% 54
\BOOKMARK [1][-]{section.6}{\376\377\000A\000c\000k\000n\000o\000w\000l\000e\000d\000g\000m\000e\000n\000t\000s}{}% 55
